Copyright 1986-2022 Xilinx, Inc. All Rights Reserved. Copyright 2022-2025 Advanced Micro Devices, Inc. All Rights Reserved.
---------------------------------------------------------------------------------------------------------------------------------------------
| Tool Version : Vivado v.2025.1 (lin64) Build 6140274 Wed May 21 22:58:25 MDT 2025
| Date         : Wed Jun 18 12:20:05 2025
| Host         : temp-mati running 64-bit Linux Mint 22.1
| Command      : report_control_sets -verbose -file main_control_sets_placed.rpt
| Design       : main
| Device       : xc7a35ti
---------------------------------------------------------------------------------------------------------------------------------------------

Control Set Information

Table of Contents
-----------------
1. Summary
2. Histogram
3. Flip-Flop Distribution
4. Detailed Control Set Information

1. Summary
----------

+----------------------------------------------------------+-------+
|                          Status                          | Count |
+----------------------------------------------------------+-------+
| Total control sets                                       |    28 |
|    Minimum number of control sets                        |    28 |
|    Addition due to synthesis replication                 |     0 |
|    Addition due to physical synthesis replication        |     0 |
| Unused register locations in slices containing registers |   141 |
+----------------------------------------------------------+-------+
* Control sets can be merged at opt_design using control_set_merge or merge_equivalent_drivers
** Run report_qor_suggestions for automated merging and remapping suggestions


2. Histogram
------------

+--------------------+-------+
|       Fanout       | Count |
+--------------------+-------+
| Total control sets |    28 |
| >= 0 to < 4        |    15 |
| >= 4 to < 6        |     6 |
| >= 6 to < 8        |     1 |
| >= 8 to < 10       |     2 |
| >= 10 to < 12      |     1 |
| >= 12 to < 14      |     0 |
| >= 14 to < 16      |     0 |
| >= 16              |     3 |
+--------------------+-------+
* Control sets can be remapped at either synth_design or opt_design


3. Flip-Flop Distribution
-------------------------

+--------------+-----------------------+------------------------+-----------------+--------------+
| Clock Enable | Synchronous Set/Reset | Asynchronous Set/Reset | Total Registers | Total Slices |
+--------------+-----------------------+------------------------+-----------------+--------------+
| No           | No                    | No                     |              50 |           16 |
| No           | No                    | Yes                    |               0 |            0 |
| No           | Yes                   | No                     |              16 |            4 |
| Yes          | No                    | No                     |              53 |           26 |
| Yes          | No                    | Yes                    |              36 |           16 |
| Yes          | Yes                   | No                     |               8 |            2 |
+--------------+-----------------------+------------------------+-----------------+--------------+


4. Detailed Control Set Information
-----------------------------------

+------------------------+---------------------------------+------------------------------------------------------+------------------+----------------+--------------+
|      Clock Signal      |          Enable Signal          |                   Set/Reset Signal                   | Slice Load Count | Bel Load Count | Bels / Slice |
+------------------------+---------------------------------+------------------------------------------------------+------------------+----------------+--------------+
|  clk                   | U2/LCD_RS_i_1_n_0               | reset                                                |                1 |              1 |         1.00 |
|  clk                   | U2/LCD_E_i_1_n_0                | reset                                                |                1 |              1 |         1.00 |
|  clk                   |                                 |                                                      |                1 |              1 |         1.00 |
|  Clock100MHz_IBUF_BUFG | spi_master_inst/spi_ss_int      |                                                      |                1 |              1 |         1.00 |
|  Clock100MHz_IBUF_BUFG | spi_master_inst/miso_buffer[3]  |                                                      |                1 |              1 |         1.00 |
|  Clock100MHz_IBUF_BUFG | spi_master_inst/miso_buffer[4]  |                                                      |                1 |              1 |         1.00 |
|  Clock100MHz_IBUF_BUFG | spi_master_inst/miso_buffer[5]  |                                                      |                1 |              1 |         1.00 |
|  Clock100MHz_IBUF_BUFG | spi_master_inst/miso_buffer[6]  |                                                      |                1 |              1 |         1.00 |
|  Clock100MHz_IBUF_BUFG | spi_master_inst/miso_buffer[7]  |                                                      |                1 |              1 |         1.00 |
|  Clock100MHz_IBUF_BUFG | spi_master_inst/miso_buffer[8]  |                                                      |                1 |              1 |         1.00 |
|  Clock100MHz_IBUF_BUFG | spi_master_inst/miso_buffer[9]  |                                                      |                1 |              1 |         1.00 |
|  Clock100MHz_IBUF_BUFG | spi_master_inst/miso_buffer[12] |                                                      |                1 |              1 |         1.00 |
|  Clock100MHz_IBUF_BUFG | spi_master_inst/miso_buffer[10] |                                                      |                1 |              1 |         1.00 |
|  Clock100MHz_IBUF_BUFG | spi_master_inst/miso_buffer[11] |                                                      |                1 |              1 |         1.00 |
|  clk                   | U2/line_no[1]_i_1_n_0           | reset                                                |                1 |              2 |         2.00 |
|  Clock100MHz_IBUF_BUFG | spi_master_inst/p_0_in_1        | spi_master_inst/FSM_onehot_current_state_reg_n_0_[3] |                1 |              4 |         4.00 |
|  Clock100MHz_IBUF_BUFG | spi_master_inst/bit_count       | spi_master_inst/FSM_onehot_current_state_reg_n_0_[3] |                1 |              4 |         4.00 |
|  clk                   | U2/reset_cnt[3]_i_1_n_0         |                                                      |                1 |              4 |         4.00 |
|  clk                   | U2/LCD_DATA[3]_i_1_n_0          |                                                      |                1 |              4 |         4.00 |
|  clk                   | U2/state[4]_i_1_n_0             | reset                                                |                2 |              5 |         2.50 |
|  clk                   | U2/next_command[4]_i_1_n_0      | reset                                                |                2 |              5 |         2.50 |
|  clk                   | U2/char_no[5]_i_1_n_0           | reset                                                |                3 |              6 |         2.00 |
| ~clk                   | U2/znak[7]_i_1_n_0              | reset                                                |                3 |              8 |         2.67 |
|  clk                   | U2/g0_b0_n_0                    | reset                                                |                3 |              8 |         2.67 |
| ~clk                   | U2/temperature_int[9]_i_1_n_0   |                                                      |                7 |             10 |         1.43 |
|  Clock100MHz_IBUF_BUFG |                                 | U2/lcd_clk_cnt[0]_i_1_n_0                            |                4 |             16 |         4.00 |
|  Clock100MHz_IBUF_BUFG | counter[0]_i_1_n_0              |                                                      |                6 |             24 |         4.00 |
|  Clock100MHz_IBUF_BUFG |                                 |                                                      |               15 |             49 |         3.27 |
+------------------------+---------------------------------+------------------------------------------------------+------------------+----------------+--------------+


